I'm sorry, but errors were detected in your script. Please correct the
errors listed below, and try again.


File "game/script.rpy", line 29: expecting name after dot.
    zoom 0.5.5
             ^

Ren'Py Version: Ren'Py 8.1.1.23060707
Mon Jun 12 22:44:51 2023
